[0m00:07:14.529242 [debug] [MainThread]: Sending event: {'category': 'dbt', 'action': 'invocation', 'label': 'start', 'context': [<snowplow_tracker.self_describing_json.SelfDescribingJson object at 0x00000126CBAE8BE0>, <snowplow_tracker.self_describing_json.SelfDescribingJson object at 0x00000126CC616020>, <snowplow_tracker.self_describing_json.SelfDescribingJson object at 0x00000126CC615FC0>]}


============================== 00:07:14.641964 | 0ab4940c-e4d6-4560-b01e-316cde0df915 ==============================
[0m00:07:14.641964 [info ] [MainThread]: Running with dbt=1.12.3
[0m00:07:14.642968 [debug] [MainThread]: running dbt with arguments {'static_parser': 'True', 'no_print': 'None', 'maximum_seed_size_mib': '1', 'warn_error_options': 'WarnErrorOptionsV2(error=[], warn=[], silence=[])', 'target_path': 'None', 'version_check': 'True', 'printer_width': '80', 'write_json': 'True', 'introspect': 'True', 'log_cache_events': 'False', 'empty': 'None', 'cache_selected_only': 'False', 'fail_fast': 'False', 'debug': 'False', 'log_format': 'default', 'partial_parse': 'True', 'send_anonymous_usage_stats': 'True', 'quiet': 'False', 'warn_error': 'None', 'profiles_dir': 'C:\\Users\\Sanket\\.dbt', 'invocation_command': 'dbt init', 'hints_enabled': 'True', 'use_colors': 'True', 'use_experimental_parser': 'False', 'indirect_selection': 'eager', 'log_path': 'logs'}
[0m00:07:35.754068 [debug] [MainThread]: Starter project path: C:\Users\Sanket\Desktop\learning\snow-dbt-arch\.venv\lib\site-packages\dbt\include\starter_project
[0m00:07:35.820488 [info ] [MainThread]: Setting up your profile.
[0m00:07:41.569608 [debug] [MainThread]: Snowflake adapter: Setting snowflake.connector to ERROR (file logging only)
[0m00:07:41.569608 [debug] [MainThread]: Snowflake adapter: Setting botocore to ERROR (file logging only)
[0m00:07:41.570609 [debug] [MainThread]: Snowflake adapter: Setting boto3 to ERROR (file logging only)
[0m00:09:40.604839 [info ] [MainThread]: Profile snowf_dbt_integration written to C:\Users\Sanket\.dbt\profiles.yml using target's profile_template.yml and your supplied values.
[0m00:09:40.673781 [info ] [MainThread]: Running dbt debug to validate the project...
[0m00:09:40.676854 [info ] [MainThread]: dbt version: 1.12.3
[0m00:09:40.677824 [info ] [MainThread]: python version: 3.10.2
[0m00:09:40.678842 [info ] [MainThread]: python path: C:\Users\Sanket\Desktop\learning\snow-dbt-arch\.venv\Scripts\python.exe
[0m00:09:40.679818 [info ] [MainThread]: os info: Windows-10-10.0.22621-SP0
[0m00:09:40.786432 [info ] [MainThread]: Using profiles dir at C:\Users\Sanket\.dbt
[0m00:09:40.787362 [info ] [MainThread]: Using profiles.yml file at C:\Users\Sanket\.dbt\profiles.yml
[0m00:09:40.787362 [info ] [MainThread]: Using dbt_project.yml file at C:\Users\Sanket\Desktop\learning\snow-dbt-arch\snowf_dbt_integration\dbt_project.yml
[0m00:09:40.791511 [info ] [MainThread]: adapter type: snowflake
[0m00:09:40.792512 [info ] [MainThread]: adapter version: 1.12.0
[0m00:09:40.912071 [info ] [MainThread]: Configuration:
[0m00:09:40.913071 [info ] [MainThread]:   profiles.yml file [[32mOK found and valid[0m]
[0m00:09:40.914072 [info ] [MainThread]:   dbt_project.yml file [[32mOK found and valid[0m]
[0m00:09:40.914072 [info ] [MainThread]: Required dependencies:
[0m00:09:40.915076 [debug] [MainThread]: Executing "git --help"
[0m00:09:41.451065 [debug] [MainThread]: STDOUT: "b"usage: git [-v | --version] [-h | --help] [-C <path>] [-c <name>=<value>]\n           [--exec-path[=<path>]] [--html-path] [--man-path] [--info-path]\n           [-p | --paginate | -P | --no-pager] [--no-replace-objects] [--no-lazy-fetch]\n           [--no-optional-locks] [--no-advice] [--bare] [--git-dir=<path>]\n           [--work-tree=<path>] [--namespace=<name>] [--config-env=<name>=<envvar>]\n           <command> [<args>]\n\nThese are common Git commands used in various situations:\n\nstart a working area (see also: git help tutorial)\n   clone      Clone a repository into a new directory\n   init       Create an empty Git repository or reinitialize an existing one\n\nwork on the current change (see also: git help everyday)\n   add        Add file contents to the index\n   mv         Move or rename a file, a directory, or a symlink\n   restore    Restore working tree files\n   rm         Remove files from the working tree and from the index\n\nexamine the history and state (see also: git help revisions)\n   bisect     Use binary search to find the commit that introduced a bug\n   diff       Show changes between commits, commit and working tree, etc\n   grep       Print lines matching a pattern\n   log        Show commit logs\n   show       Show various types of objects\n   status     Show the working tree status\n\ngrow, mark and tweak your common history\n   backfill   Download missing objects in a partial clone\n   branch     List, create, or delete branches\n   commit     Record changes to the repository\n   history    EXPERIMENTAL: Rewrite history\n   merge      Join two or more development histories together\n   rebase     Reapply commits on top of another base tip\n   reset      Set `HEAD` or the index to a known state\n   switch     Switch branches\n   tag        Create, list, delete or verify tags\n\ncollaborate (see also: git help workflows)\n   fetch      Download objects and refs from another repository\n   pull       Fetch from and integrate with another repository or a local branch\n   push       Update remote refs along with associated objects\n\n'git help -a' and 'git help -g' list available subcommands and some\nconcept guides. See 'git help <command>' or 'git help <concept>'\nto read about a specific subcommand or concept.\nSee 'git help git' for an overview of the system.\n""
[0m00:09:41.452136 [debug] [MainThread]: STDERR: "b''"
[0m00:09:41.453068 [info ] [MainThread]:  - git [[32mOK found[0m]

[0m00:09:41.453068 [info ] [MainThread]: Connection:
[0m00:09:41.454067 [info ] [MainThread]:   account: rphsjzm-bg84486
[0m00:09:41.454067 [info ] [MainThread]:   user: SANKETKUANAR01
[0m00:09:41.455065 [info ] [MainThread]:   database: CDR_DEV
[0m00:09:41.456065 [info ] [MainThread]:   warehouse: WH_DBT_XS
[0m00:09:41.456065 [info ] [MainThread]:   role: ROLE_DBT
[0m00:09:41.457065 [info ] [MainThread]:   schema: PUBLIC
[0m00:09:41.457065 [info ] [MainThread]:   authenticator: None
[0m00:09:41.458066 [info ] [MainThread]:   oauth_client_id: None
[0m00:09:41.458066 [info ] [MainThread]:   query_tag: None
[0m00:09:41.459066 [info ] [MainThread]:   client_session_keep_alive: False
[0m00:09:41.460067 [info ] [MainThread]:   host: None
[0m00:09:41.461067 [info ] [MainThread]:   port: None
[0m00:09:41.461067 [info ] [MainThread]:   proxy_host: None
[0m00:09:41.463068 [info ] [MainThread]:   proxy_port: None
[0m00:09:41.464066 [info ] [MainThread]:   protocol: None
[0m00:09:41.465068 [info ] [MainThread]:   connect_retries: 1
[0m00:09:41.465068 [info ] [MainThread]:   connect_timeout: None
[0m00:09:41.466069 [info ] [MainThread]:   retry_on_database_errors: False
[0m00:09:41.467065 [info ] [MainThread]:   retry_all: False
[0m00:09:41.467065 [info ] [MainThread]:   insecure_mode: False
[0m00:09:41.468065 [info ] [MainThread]:   reuse_connections: True
[0m00:09:41.468065 [info ] [MainThread]:   s3_stage_vpce_dns_name: None
[0m00:09:41.469065 [info ] [MainThread]:   workload_identity_provider: None
[0m00:09:41.469065 [info ] [MainThread]:   workload_identity_entra_resource: None
[0m00:09:41.469065 [info ] [MainThread]:   platform_detection_timeout_seconds: 0.0
[0m00:09:41.471235 [info ] [MainThread]: Registered adapter: snowflake=1.12.0
[0m00:09:41.925630 [debug] [MainThread]: Acquiring new snowflake connection 'debug'
[0m00:09:41.945476 [debug] [MainThread]: Using snowflake connection "debug"
[0m00:09:41.946441 [debug] [MainThread]: On debug: select 1 as id
[0m00:09:41.946441 [debug] [MainThread]: Opening a new connection, currently in state init
[0m00:09:43.189016 [debug] [MainThread]: Snowflake adapter: Error running SQL: select 1 as id
[0m00:09:43.189016 [debug] [MainThread]: Snowflake adapter: Rolling back transaction.
[0m00:09:43.190020 [info ] [MainThread]:   Connection test: [[31mERROR[0m]

[0m00:09:43.190020 [info ] [MainThread]: [31m1 check failed:[0m
[0m00:09:43.191007 [info ] [MainThread]: dbt was unable to connect to the specified database.
The database returned the following error:

  >Database Error
  390197 (08001): Failed to connect to DB: rphsjzm-bg84486.snowflakecomputing.com:443. Multi-factor authentication is required for this account. Log in to Snowsight to enroll. [ded31247-8a79-4bc4-a417-737339e1b2f3]

Check your database credentials and try again. For more information, visit:
https://docs.getdbt.com/docs/configure-your-profile


[0m00:09:43.191812 [info ] [MainThread]: Your new dbt project "snowf_dbt_integration" was created!
Initialized new project in C:\Users\Sanket\Desktop\learning\snow-dbt-arch\snowf_dbt_integration\snowf_dbt_integration

For more information on how to configure the profiles.yml file,
please consult the dbt documentation here:

  https://docs.getdbt.com/docs/configure-your-profile

One more thing:

Need help? Don't hesitate to reach out to us via GitHub issues or on Slack:

  https://community.getdbt.com/

Happy modeling!

[0m00:09:43.192898 [info ] [MainThread]: [31mYour profile may need adjustments. You can find the logs of `dbt debug` above[0m
[0m00:09:43.194815 [debug] [MainThread]: Command `dbt init` succeeded at 00:09:43.194815 after 148.84 seconds
[0m00:09:43.195815 [debug] [MainThread]: Connection 'debug' was left open.
[0m00:09:43.195815 [debug] [MainThread]: On debug: No close available on handle
[0m00:09:43.196815 [debug] [MainThread]: Sending event: {'category': 'dbt', 'action': 'invocation', 'label': 'end', 'context': [<snowplow_tracker.self_describing_json.SelfDescribingJson object at 0x00000126CBAE8BE0>, <snowplow_tracker.self_describing_json.SelfDescribingJson object at 0x00000126CBBE92D0>, <snowplow_tracker.self_describing_json.SelfDescribingJson object at 0x00000126CDC1A9E0>]}
[0m00:09:43.197815 [debug] [MainThread]: Flushing usage events
[0m00:09:44.106583 [debug] [MainThread]: An error was encountered while trying to flush usage events
[0m00:10:03.809587 [debug] [MainThread]: Sending event: {'category': 'dbt', 'action': 'invocation', 'label': 'start', 'context': [<snowplow_tracker.self_describing_json.SelfDescribingJson object at 0x0000023EDA3E1300>, <snowplow_tracker.self_describing_json.SelfDescribingJson object at 0x0000023EDB93C640>, <snowplow_tracker.self_describing_json.SelfDescribingJson object at 0x0000023EDB93C460>]}


============================== 00:10:03.813876 | 089c9c5b-9078-4487-b1f5-5d23ca78e79c ==============================
[0m00:10:03.813876 [info ] [MainThread]: Running with dbt=1.12.3
[0m00:10:03.814862 [debug] [MainThread]: running dbt with arguments {'maximum_seed_size_mib': '1', 'no_print': 'None', 'static_parser': 'True', 'warn_error_options': 'WarnErrorOptionsV2(error=[], warn=[], silence=[])', 'version_check': 'True', 'target_path': 'None', 'printer_width': '80', 'write_json': 'True', 'introspect': 'True', 'log_cache_events': 'False', 'empty': 'None', 'cache_selected_only': 'False', 'fail_fast': 'False', 'debug': 'False', 'log_format': 'default', 'partial_parse': 'True', 'send_anonymous_usage_stats': 'True', 'quiet': 'False', 'warn_error': 'None', 'profiles_dir': 'C:\\Users\\Sanket\\.dbt', 'invocation_command': 'dbt debug', 'hints_enabled': 'True', 'use_colors': 'True', 'use_experimental_parser': 'False', 'indirect_selection': 'eager', 'log_path': 'logs'}
[0m00:10:03.839550 [info ] [MainThread]: dbt version: 1.12.3
[0m00:10:03.840547 [info ] [MainThread]: python version: 3.10.2
[0m00:10:03.841548 [info ] [MainThread]: python path: C:\Users\Sanket\Desktop\learning\snow-dbt-arch\.venv\Scripts\python.exe
[0m00:10:03.841548 [info ] [MainThread]: os info: Windows-10-10.0.22621-SP0
[0m00:10:03.846545 [info ] [MainThread]: Error importing adapter: No module named 'dbt.adapters.databricks'
[0m00:10:04.404303 [debug] [MainThread]: Snowflake adapter: Setting snowflake.connector to ERROR (file logging only)
[0m00:10:04.404303 [debug] [MainThread]: Snowflake adapter: Setting botocore to ERROR (file logging only)
[0m00:10:04.405304 [debug] [MainThread]: Snowflake adapter: Setting boto3 to ERROR (file logging only)
[0m00:10:04.550631 [info ] [MainThread]: Using profiles dir at C:\Users\Sanket\.dbt
[0m00:10:04.551631 [info ] [MainThread]: Using profiles.yml file at C:\Users\Sanket\.dbt\profiles.yml
[0m00:10:04.552756 [info ] [MainThread]: Using dbt_project.yml file at C:\Users\Sanket\Desktop\learning\snow-dbt-arch\dbt_project.yml
[0m00:10:04.553759 [info ] [MainThread]: Configuration:
[0m00:10:04.553759 [info ] [MainThread]:   profiles.yml file [[31mERROR invalid[0m]
[0m00:10:04.554775 [info ] [MainThread]:   dbt_project.yml file [[31mERROR not found[0m]
[0m00:10:04.554775 [info ] [MainThread]: Required dependencies:
[0m00:10:04.555800 [debug] [MainThread]: Executing "git --help"
[0m00:10:04.613482 [debug] [MainThread]: STDOUT: "b"usage: git [-v | --version] [-h | --help] [-C <path>] [-c <name>=<value>]\n           [--exec-path[=<path>]] [--html-path] [--man-path] [--info-path]\n           [-p | --paginate | -P | --no-pager] [--no-replace-objects] [--no-lazy-fetch]\n           [--no-optional-locks] [--no-advice] [--bare] [--git-dir=<path>]\n           [--work-tree=<path>] [--namespace=<name>] [--config-env=<name>=<envvar>]\n           <command> [<args>]\n\nThese are common Git commands used in various situations:\n\nstart a working area (see also: git help tutorial)\n   clone      Clone a repository into a new directory\n   init       Create an empty Git repository or reinitialize an existing one\n\nwork on the current change (see also: git help everyday)\n   add        Add file contents to the index\n   mv         Move or rename a file, a directory, or a symlink\n   restore    Restore working tree files\n   rm         Remove files from the working tree and from the index\n\nexamine the history and state (see also: git help revisions)\n   bisect     Use binary search to find the commit that introduced a bug\n   diff       Show changes between commits, commit and working tree, etc\n   grep       Print lines matching a pattern\n   log        Show commit logs\n   show       Show various types of objects\n   status     Show the working tree status\n\ngrow, mark and tweak your common history\n   backfill   Download missing objects in a partial clone\n   branch     List, create, or delete branches\n   commit     Record changes to the repository\n   history    EXPERIMENTAL: Rewrite history\n   merge      Join two or more development histories together\n   rebase     Reapply commits on top of another base tip\n   reset      Set `HEAD` or the index to a known state\n   switch     Switch branches\n   tag        Create, list, delete or verify tags\n\ncollaborate (see also: git help workflows)\n   fetch      Download objects and refs from another repository\n   pull       Fetch from and integrate with another repository or a local branch\n   push       Update remote refs along with associated objects\n\n'git help -a' and 'git help -g' list available subcommands and some\nconcept guides. See 'git help <command>' or 'git help <concept>'\nto read about a specific subcommand or concept.\nSee 'git help git' for an overview of the system.\n""
[0m00:10:04.614481 [debug] [MainThread]: STDERR: "b''"
[0m00:10:04.615481 [info ] [MainThread]:  - git [[32mOK found[0m]

[0m00:10:04.616481 [info ] [MainThread]: Connection test skipped since no profile was found
[0m00:10:04.617481 [info ] [MainThread]: [31m2 checks failed:[0m
[0m00:10:04.617481 [info ] [MainThread]: Could not load dbt_project.yml
Profile loading failed for the following reason:
Runtime Error
  Credentials in profile "dbt_tutorial", target "dev" invalid: Runtime Error
    Could not find adapter type databricks!


[0m00:10:04.618481 [info ] [MainThread]: Project loading failed for the following reason:
 project path <C:\Users\Sanket\Desktop\learning\snow-dbt-arch\dbt_project.yml> not found

[0m00:10:04.620481 [debug] [MainThread]: Command `dbt debug` failed at 00:10:04.620481 after 0.94 seconds
[0m00:10:04.621481 [debug] [MainThread]: Sending event: {'category': 'dbt', 'action': 'invocation', 'label': 'end', 'context': [<snowplow_tracker.self_describing_json.SelfDescribingJson object at 0x0000023EDA3E1300>, <snowplow_tracker.self_describing_json.SelfDescribingJson object at 0x0000023EDB897220>, <snowplow_tracker.self_describing_json.SelfDescribingJson object at 0x0000023EDB901480>]}
[0m00:10:04.621481 [debug] [MainThread]: Flushing usage events
[0m00:10:05.541444 [debug] [MainThread]: An error was encountered while trying to flush usage events
[0m01:43:08.019417 [debug] [MainThread]: Sending event: {'category': 'dbt', 'action': 'invocation', 'label': 'start', 'context': [<snowplow_tracker.self_describing_json.SelfDescribingJson object at 0x00000164DE511D80>, <snowplow_tracker.self_describing_json.SelfDescribingJson object at 0x00000164E0907670>, <snowplow_tracker.self_describing_json.SelfDescribingJson object at 0x00000164E0907E50>]}


============================== 01:43:08.031224 | 2d60828e-74f5-440a-b2c2-23080160bbe5 ==============================
[0m01:43:08.031224 [info ] [MainThread]: Running with dbt=1.12.3
[0m01:43:08.033332 [debug] [MainThread]: running dbt with arguments {'static_parser': 'True', 'no_print': 'None', 'version_check': 'True', 'warn_error_options': 'WarnErrorOptionsV2(error=[], warn=[], silence=[])', 'target_path': 'None', 'maximum_seed_size_mib': '1', 'printer_width': '80', 'write_json': 'True', 'introspect': 'True', 'log_cache_events': 'False', 'empty': 'None', 'cache_selected_only': 'False', 'log_format': 'default', 'debug': 'False', 'fail_fast': 'False', 'partial_parse': 'True', 'send_anonymous_usage_stats': 'True', 'quiet': 'False', 'warn_error': 'None', 'profiles_dir': 'C:\\Users\\Sanket\\.dbt', 'indirect_selection': 'eager', 'hints_enabled': 'True', 'invocation_command': 'dbt debug --target dev', 'use_experimental_parser': 'False', 'use_colors': 'True', 'log_path': 'logs'}
[0m01:43:08.092736 [info ] [MainThread]: dbt version: 1.12.3
[0m01:43:08.093745 [info ] [MainThread]: python version: 3.10.2
[0m01:43:08.093745 [info ] [MainThread]: python path: C:\Users\Sanket\AppData\Local\Programs\Python\Python310\python.exe
[0m01:43:08.095094 [info ] [MainThread]: os info: Windows-10-10.0.22621-SP0
[0m01:43:08.103130 [info ] [MainThread]: Error importing adapter: No module named 'dbt.adapters.databricks'
[0m01:43:14.613362 [debug] [MainThread]: Snowflake adapter: Setting snowflake.connector to ERROR (file logging only)
[0m01:43:14.615654 [debug] [MainThread]: Snowflake adapter: Setting botocore to ERROR (file logging only)
[0m01:43:14.616654 [debug] [MainThread]: Snowflake adapter: Setting boto3 to ERROR (file logging only)
[0m01:43:16.963929 [info ] [MainThread]: Using profiles dir at C:\Users\Sanket\.dbt
[0m01:43:16.965938 [info ] [MainThread]: Using profiles.yml file at C:\Users\Sanket\.dbt\profiles.yml
[0m01:43:16.966937 [info ] [MainThread]: Using dbt_project.yml file at C:\Users\Sanket\Desktop\learning\snow-dbt-arch\dbt_project.yml
[0m01:43:16.967937 [info ] [MainThread]: Configuration:
[0m01:43:16.969083 [info ] [MainThread]:   profiles.yml file [[31mERROR invalid[0m]
[0m01:43:16.971351 [info ] [MainThread]:   dbt_project.yml file [[31mERROR not found[0m]
[0m01:43:16.973550 [info ] [MainThread]: Required dependencies:
[0m01:43:16.973550 [debug] [MainThread]: Executing "git --help"
[0m01:43:17.031716 [debug] [MainThread]: STDOUT: "b"usage: git [-v | --version] [-h | --help] [-C <path>] [-c <name>=<value>]\n           [--exec-path[=<path>]] [--html-path] [--man-path] [--info-path]\n           [-p | --paginate | -P | --no-pager] [--no-replace-objects] [--no-lazy-fetch]\n           [--no-optional-locks] [--no-advice] [--bare] [--git-dir=<path>]\n           [--work-tree=<path>] [--namespace=<name>] [--config-env=<name>=<envvar>]\n           <command> [<args>]\n\nThese are common Git commands used in various situations:\n\nstart a working area (see also: git help tutorial)\n   clone      Clone a repository into a new directory\n   init       Create an empty Git repository or reinitialize an existing one\n\nwork on the current change (see also: git help everyday)\n   add        Add file contents to the index\n   mv         Move or rename a file, a directory, or a symlink\n   restore    Restore working tree files\n   rm         Remove files from the working tree and from the index\n\nexamine the history and state (see also: git help revisions)\n   bisect     Use binary search to find the commit that introduced a bug\n   diff       Show changes between commits, commit and working tree, etc\n   grep       Print lines matching a pattern\n   log        Show commit logs\n   show       Show various types of objects\n   status     Show the working tree status\n\ngrow, mark and tweak your common history\n   backfill   Download missing objects in a partial clone\n   branch     List, create, or delete branches\n   commit     Record changes to the repository\n   history    EXPERIMENTAL: Rewrite history\n   merge      Join two or more development histories together\n   rebase     Reapply commits on top of another base tip\n   reset      Set `HEAD` or the index to a known state\n   switch     Switch branches\n   tag        Create, list, delete or verify tags\n\ncollaborate (see also: git help workflows)\n   fetch      Download objects and refs from another repository\n   pull       Fetch from and integrate with another repository or a local branch\n   push       Update remote refs along with associated objects\n\n'git help -a' and 'git help -g' list available subcommands and some\nconcept guides. See 'git help <command>' or 'git help <concept>'\nto read about a specific subcommand or concept.\nSee 'git help git' for an overview of the system.\n""
[0m01:43:17.032731 [debug] [MainThread]: STDERR: "b''"
[0m01:43:17.033723 [info ] [MainThread]:  - git [[32mOK found[0m]

[0m01:43:17.034735 [info ] [MainThread]: Connection test skipped since no profile was found
[0m01:43:17.036788 [info ] [MainThread]: [31m2 checks failed:[0m
[0m01:43:17.038034 [info ] [MainThread]: Could not load dbt_project.yml
Profile loading failed for the following reason:
Runtime Error
  Credentials in profile "dbt_tutorial", target "dev" invalid: Runtime Error
    Could not find adapter type databricks!


[0m01:43:17.038034 [info ] [MainThread]: Project loading failed for the following reason:
 project path <C:\Users\Sanket\Desktop\learning\snow-dbt-arch\dbt_project.yml> not found

[0m01:43:17.040084 [debug] [MainThread]: Command `dbt debug` failed at 01:43:17.040084 after 9.27 seconds
[0m01:43:17.043313 [debug] [MainThread]: Sending event: {'category': 'dbt', 'action': 'invocation', 'label': 'end', 'context': [<snowplow_tracker.self_describing_json.SelfDescribingJson object at 0x00000164DE511D80>, <snowplow_tracker.self_describing_json.SelfDescribingJson object at 0x00000164F1D74370>, <snowplow_tracker.self_describing_json.SelfDescribingJson object at 0x00000164E08D78B0>]}
[0m01:43:17.044319 [debug] [MainThread]: Flushing usage events
[0m01:43:18.283327 [debug] [MainThread]: An error was encountered while trying to flush usage events
